Warning: You are sending unauthenticated requests to the HF Hub. Please set a HF_TOKEN to enable higher rate limits and faster downloads.
== corrupted train queries (n=1500): overall nn precision 0.732
margin_th   0.00   0.05   0.10   0.15
sim_th                               
0.60       0.789  0.833  0.852  0.860
0.70       0.855  0.879  0.880  0.880
0.80       0.929  0.937  0.936  0.926
0.85       0.965  0.977  0.982  0.977
0.90       0.964  1.000  1.000  1.000
coverage:
 margin_th   0.00   0.05   0.10   0.15
sim_th                               
0.60       0.747  0.622  0.496  0.352
0.70       0.512  0.452  0.383  0.289
0.80       0.301  0.275  0.241  0.189
0.85       0.190  0.172  0.149  0.118
0.90       0.075  0.063  0.053  0.039
   -> rule: sim>=0.85, margin>=0.1 (precision 0.982, coverage 14.9% of corrupted queries)

== silver non-page (corruption-aware rule) n=129 {'line': 92, 'block': 35, 'glyph': 2} | label mix {'lampung': 31, 'pegon': 26, 'jawa': 22, 'sunda': 18, 'jawi': 17, 'bali': 9, 'lontara': 6}
   v1: acc 1.0000 errors 0
   v2: acc 1.0000 errors 0
   v3: acc 1.0000 errors 0
   v2 errors: {}
-> /home/rian/Projects/infest-26/eda/outputs/20_silver_corrupt_precision
