== frozen small probe, held-out train pages (n=199) / blocks
      view   C  page_acc  page_sd  page_f1  block_acc
        v2 0.5     0.541    0.029    0.411      0.887
        v2 2.0     0.602    0.016    0.490      0.895
        v2 8.0     0.604    0.038    0.518      0.912
 sq224_rgb 0.5     0.585    0.048    0.485      0.900
 sq224_rgb 2.0     0.595    0.069    0.492      0.909
 sq224_rgb 8.0     0.603    0.058    0.512      0.927
 sq448_rgb 0.5     0.640    0.055    0.504      0.891
 sq448_rgb 2.0     0.658    0.039    0.566      0.914
 sq448_rgb 8.0     0.682    0.064    0.623      0.940
sq448_gray 0.5     0.661    0.050    0.524      0.888
sq448_gray 2.0     0.666    0.047    0.568      0.914
sq448_gray 8.0     0.688    0.081    0.636      0.940
 sq448_pre 0.5     0.647    0.054    0.510      0.891
 sq448_pre 2.0     0.650    0.036    0.549      0.911
 sq448_pre 8.0     0.665    0.039    0.621      0.930
sq640_gray 0.5     0.654    0.068    0.509      0.883
sq640_gray 2.0     0.728    0.054    0.647      0.918
sq640_gray 8.0     0.725    0.057    0.687      0.940

== test pages: probe (fit on all non-line train) vs v2 submission
   v2        : agrees with v2 0.680
   sq224_rgb : agrees with v2 0.693
   sq448_rgb : agrees with v2 0.750
   sq448_gray: agrees with v2 0.770
   sq448_pre : agrees with v2 0.743
   sq640_gray: agrees with v2 0.723
-> /home/rian/Projects/infest-26/eda/outputs/22_page_view_probe
